
> kirakira-app@1.1.0 build
> next build

笆ｲ Next.js 16.1.4 (Turbopack)
- Environments: .env.local

  Creating an optimized production build ...
node.exe : 
発生場所 行:1 文字:1
+ & "C:\Program File
s\nodejs/node.exe" "
C:\Program Files\nod
ejs/node_mo ...
+ ~~~~~~~~~~~~~~~~~~
~~~~~~~~~~~~~~~~~~~~
~~~~~~~~~~~~~~~~~~~~
~~~~~~~~~~~
    + CategoryInfo  
            : NotS  
  pecified: (:Str   
 ing) [], Remote    
Exception
    + FullyQualifie 
   dErrorId : Nati  
  veCommandError
 
> Build error occurr
ed
Error: Turbopack bui
ld failed with 3 err
ors:
./src/app/admin/sett
ings/page.tsx:7:1
Module not found: Ca
n't resolve '@/compo
nents/ui/switch'
[0m [90m  5 |[39m
 [36mimport[39m { 
[33mInput[39m } [
36mfrom[39m [32m"@
/components/ui/input
"[39m[33m;[39m
 [90m  6 |[39m [3
6mimport[39m { [33
mLabel[39m } [36mf
rom[39m [32m"@/com
ponents/ui/label"[3
9m[33m;[39m
[31m[1m>[22m[39m
[90m  7 |[39m [36
mimport[39m { [33m
Switch[39m } [36mf
rom[39m [32m"@/com
ponents/ui/switch"[
39m[33m;[39m
 [90m    |[39m [3
1m[1m^[22m[39m[3
1m[1m^[22m[39m[3
1m[1m^[22m[39m[3
1m[1m^[22m[39m[3
1m[1m^[22m[39m[3
1m[1m^[22m[39m[3
1m[1m^[22m[39m[3
1m[1m^[22m[39m[3
1m[1m^[22m[39m[3
1m[1m^[22m[39m[3
1m[1m^[22m[39m[3
1m[1m^[22m[39m[3
1m[1m^[22m[39m[3
1m[1m^[22m[39m[3
1m[1m^[22m[39m[3
1m[1m^[22m[39m[3
1m[1m^[22m[39m[3
1m[1m^[22m[39m[3
1m[1m^[22m[39m[3
1m[1m^[22m[39m[3
1m[1m^[22m[39m[3
1m[1m^[22m[39m[3
1m[1m^[22m[39m[3
1m[1m^[22m[39m[3
1m[1m^[22m[39m[3
1m[1m^[22m[39m[3
1m[1m^[22m[39m[3
1m[1m^[22m[39m[3
1m[1m^[22m[39m[3
1m[1m^[22m[39m[3
1m[1m^[22m[39m[3
1m[1m^[22m[39m[3
1m[1m^[22m[39m[3
1m[1m^[22m[39m[3
1m[1m^[22m[39m[3
1m[1m^[22m[39m[3
1m[1m^[22m[39m[3
1m[1m^[22m[39m[3
1m[1m^[22m[39m[3
1m[1m^[22m[39m[3
1m[1m^[22m[39m[3
1m[1m^[22m[39m[3
1m[1m^[22m[39m[3
1m[1m^[22m[39m[3
1m[1m^[22m[39m[3
1m[1m^[22m[39m[3
1m[1m^[22m[39m[3
1m[1m^[22m[39m
 [90m  8 |[39m
 [90m  9 |[39m [3
6mexport[39m [36md
efault[39m [36mfun
ction[39m [33mAdmi
nSettingsPage[39m()
 {
 [90m 10 |[39m    
 [36mreturn[39m (
[0m

Import map: aliased 
to relative './src/c
omponents/ui/switch'
 inside of [project]
/


Import traces:
  Client Component B
rowser:
    ./src/app/admin/
settings/page.tsx [C
lient Component Brow
ser]
    ./src/app/admin/
settings/page.tsx [S
erver Component]

  Client Component S
SR:
    ./src/app/admin/
settings/page.tsx [C
lient Component SSR]
    ./src/app/admin/
settings/page.tsx [S
erver Component]

https://nextjs.org/d
ocs/messages/module-
not-found


./src/app/admin/docu
ments/page.tsx:7:1
Module not found: Ca
n't resolve '@/compo
nents/ui/tabs'
[0m [90m  5 |[39m
 [36mimport[39m { 
[33mInput[39m } [
36mfrom[39m [32m"@
/components/ui/input
"[39m[33m;[39m
 [90m  6 |[39m [3
6mimport[39m { [33
mLabel[39m } [36mf
rom[39m [32m"@/com
ponents/ui/label"[3
9m[33m;[39m
[31m[1m>[22m[39m
[90m  7 |[39m [36
mimport[39m { [33m
Tabs[39m[33m,[39m
 [33mTabsContent[3
9m[33m,[39m [33mT
absList[39m[33m,[
39m [33mTabsTrigger
[39m } [36mfrom[3
9m [32m"@/component
s/ui/tabs"[39m[33m
;[39m
 [90m    |[39m [3
1m[1m^[22m[39m[3
1m[1m^[22m[39m[3
1m[1m^[22m[39m[3
1m[1m^[22m[39m[3
1m[1m^[22m[39m[3
1m[1m^[22m[39m[3
1m[1m^[22m[39m[3
1m[1m^[22m[39m[3
1m[1m^[22m[39m[3
1m[1m^[22m[39m[3
1m[1m^[22m[39m[3
1m[1m^[22m[39m[3
1m[1m^[22m[39m[3
1m[1m^[22m[39m[3
1m[1m^[22m[39m[3
1m[1m^[22m[39m[3
1m[1m^[22m[39m[3
1m[1m^[22m[39m[3
1m[1m^[22m[39m[3
1m[1m^[22m[39m[3
1m[1m^[22m[39m[3
1m[1m^[22m[39m[3
1m[1m^[22m[39m[3
1m[1m^[22m[39m[3
1m[1m^[22m[39m[3
1m[1m^[22m[39m[3
1m[1m^[22m[39m[3
1m[1m^[22m[39m[3
1m[1m^[22m[39m[3
1m[1m^[22m[39m[3
1m[1m^[22m[39m[3
1m[1m^[22m[39m[3
1m[1m^[22m[39m[3
1m[1m^[22m[39m[3
1m[1m^[22m[39m[3
1m[1m^[22m[39m[3
1m[1m^[22m[39m[3
1m[1m^[22m[39m[3
1m[1m^[22m[39m[3
1m[1m^[22m[39m[3
1m[1m^[22m[39m[3
1m[1m^[22m[39m[3
1m[1m^[22m[39m[3
1m[1m^[22m[39m[3
1m[1m^[22m[39m[3
1m[1m^[22m[39m[3
1m[1m^[22m[39m[3
1m[1m^[22m[39m[3
1m[1m^[22m[39m[3
1m[1m^[22m[39m[3
1m[1m^[22m[39m[3
1m[1m^[22m[39m[3
1m[1m^[22m[39m[3
1m[1m^[22m[39m[3
1m[1m^[22m[39m[3
1m[1m^[22m[39m[3
1m[1m^[22m[39m[3
1m[1m^[22m[39m[3
1m[1m^[22m[39m[3
1m[1m^[22m[39m[3
1m[1m^[22m[39m[3
1m[1m^[22m[39m[3
1m[1m^[22m[39m[3
1m[1m^[22m[39m[3
1m[1m^[22m[39m[3
1m[1m^[22m[39m[3
1m[1m^[22m[39m[3
1m[1m^[22m[39m[3
1m[1m^[22m[39m[3
1m[1m^[22m[39m[3
1m[1m^[22m[39m[3
1m[1m^[22m[39m[3
1m[1m^[22m[39m[3
1m[1m^[22m[39m[3
1m[1m^[22m[39m[3
1m[1m^[22m[39m[3
1m[1m^[22m[39m[3
1m[1m^[22m[39m[3
1m[1m^[22m[39m[3
1m[1m^[22m[39m
 [90m  8 |[39m [3
6mimport[39m { [33
mTextarea[39m } [3
6mfrom[39m [32m"@/
components/ui/textar
ea"[39m[33m;[39m
 [90m  9 |[39m [3
6mimport[39m { [33
mFileText[39m[33m,
[39m [33mPlus[39m
[33m,[39m [33mUpl
oad[39m[33m,[39m 
[33mTrash2[39m } 
[36mfrom[39m [32m"
lucide-react"[39m[
33m;[39m
 [90m 10 |[39m[0m

Import map: aliased 
to relative './src/c
omponents/ui/tabs' i
nside of [project]/


Import traces:
  Client Component B
rowser:
    ./src/app/admin/
documents/page.tsx [
Client Component Bro
wser]
    ./src/app/admin/
documents/page.tsx [
Server Component]

  Client Component S
SR:
    ./src/app/admin/
documents/page.tsx [
Client Component SSR
]
    ./src/app/admin/
documents/page.tsx [
Server Component]

https://nextjs.org/d
ocs/messages/module-
not-found


./src/app/admin/docu
ments/page.tsx:8:1
Module not found: Ca
n't resolve '@/compo
nents/ui/textarea'
[0m [90m  6 |[39m
 [36mimport[39m { 
[33mLabel[39m } [
36mfrom[39m [32m"@
/components/ui/label
"[39m[33m;[39m
 [90m  7 |[39m [3
6mimport[39m { [33
mTabs[39m[33m,[39
m [33mTabsContent[
39m[33m,[39m [33m
TabsList[39m[33m,
[39m [33mTabsTrigge
r[39m } [36mfrom[
39m [32m"@/componen
ts/ui/tabs"[39m[33
m;[39m
[31m[1m>[22m[39m
[90m  8 |[39m [36
mimport[39m { [33m
Textarea[39m } [36
mfrom[39m [32m"@/c
omponents/ui/textare
a"[39m[33m;[39m
 [90m    |[39m [3
1m[1m^[22m[39m[3
1m[1m^[22m[39m[3
1m[1m^[22m[39m[3
1m[1m^[22m[39m[3
1m[1m^[22m[39m[3
1m[1m^[22m[39m[3
1m[1m^[22m[39m[3
1m[1m^[22m[39m[3
1m[1m^[22m[39m[3
1m[1m^[22m[39m[3
1m[1m^[22m[39m[3
1m[1m^[22m[39m[3
1m[1m^[22m[39m[3
1m[1m^[22m[39m[3
1m[1m^[22m[39m[3
1m[1m^[22m[39m[3
1m[1m^[22m[39m[3
1m[1m^[22m[39m[3
1m[1m^[22m[39m[3
1m[1m^[22m[39m[3
1m[1m^[22m[39m[3
1m[1m^[22m[39m[3
1m[1m^[22m[39m[3
1m[1m^[22m[39m[3
1m[1m^[22m[39m[3
1m[1m^[22m[39m[3
1m[1m^[22m[39m[3
1m[1m^[22m[39m[3
1m[1m^[22m[39m[3
1m[1m^[22m[39m[3
1m[1m^[22m[39m[3
1m[1m^[22m[39m[3
1m[1m^[22m[39m[3
1m[1m^[22m[39m[3
1m[1m^[22m[39m[3
1m[1m^[22m[39m[3
1m[1m^[22m[39m[3
1m[1m^[22m[39m[3
1m[1m^[22m[39m[3
1m[1m^[22m[39m[3
1m[1m^[22m[39m[3
1m[1m^[22m[39m[3
1m[1m^[22m[39m[3
1m[1m^[22m[39m[3
1m[1m^[22m[39m[3
1m[1m^[22m[39m[3
1m[1m^[22m[39m[3
1m[1m^[22m[39m[3
1m[1m^[22m[39m[3
1m[1m^[22m[39m[3
1m[1m^[22m[39m[3
1m[1m^[22m[39m
 [90m  9 |[39m [3
6mimport[39m { [33
mFileText[39m[33m,
[39m [33mPlus[39m
[33m,[39m [33mUpl
oad[39m[33m,[39m 
[33mTrash2[39m } 
[36mfrom[39m [32m"
lucide-react"[39m[
33m;[39m
 [90m 10 |[39m
 [90m 11 |[39m [3
6mexport[39m [36md
efault[39m [36mfun
ction[39m [33mAdmi
nDocumentsPage[39m(
) {[0m

Import map: aliased 
to relative './src/c
omponents/ui/textare
a' inside of [projec
t]/


Import traces:
  Client Component B
rowser:
    ./src/app/admin/
documents/page.tsx [
Client Component Bro
wser]
    ./src/app/admin/
documents/page.tsx [
Server Component]

  Client Component S
SR:
    ./src/app/admin/
documents/page.tsx [
Client Component SSR
]
    ./src/app/admin/
documents/page.tsx [
Server Component]

https://nextjs.org/d
ocs/messages/module-
not-found


    at <unknown> (./
src/app/admin/settin
gs/page.tsx:7:1)
    at <unknown> (ht
tps://nextjs.org/doc
s/messages/module-no
t-found)
    at <unknown> (./
src/app/admin/docume
nts/page.tsx:7:1)
    at <unknown> (ht
tps://nextjs.org/doc
s/messages/module-no
t-found)
    at <unknown> (./
src/app/admin/docume
nts/page.tsx:8:1)
    at <unknown> (ht
tps://nextjs.org/doc
s/messages/module-no
t-found)
